<html>
<body>
<pre>
<h1>µVision Build Log</h1>
<h2>Tool Versions:</h2>
IDE-Version: µVision V5.39.0.0
Copyright (C) 2023 ARM Ltd and ARM Germany GmbH. All rights reserved.
License Information: Pablo Landriz, University of California, Santa Barbara, LIC=----
 
Tool Versions:
Toolchain:       MDK-Lite  Version: 5.39.0.0
Toolchain Path:  C:\Keil_v5\ARM\ARMCLANG\Bin
C Compiler:      ArmClang.exe V6.21
Assembler:       Armasm.exe V6.21
Linker/Locator:  ArmLink.exe V6.21
Library Manager: ArmAr.exe V6.21
Hex Converter:   FromElf.exe V6.21
CPU DLL:         SARMCM3.DLL V5.39.0.0
Dialog DLL:      DCM.DLL V1.17.5.0
Target DLL:      STLink\ST-LINKIII-KEIL_SWO.dll V3.2.0.0
Dialog DLL:      TCM.DLL V1.56.4.0
 
<h2>Project:</h2>
C:\Users\vseenivasan\Downloads\lab3-main\lab3-main\L3C\project.uvprojx
Project File Date:  04/24/2025

<h2>Output:</h2>
*** Using Compiler 'V6.21', folder: 'C:\Keil_v5\ARM\ARMCLANG\Bin'
Build target 'Target 1'
src/main.c(11): warning: In file included from...
src/stm32l476xx.h(12): warning: invalid UTF-8 in comment [-Winvalid-utf8]
   12 |   *           - Macros to access peripheral<92>s registers hardware
      |                                            ^
src/main.c(15): warning: no previous extern declaration for non-static variable 'currentValue' [-Wmissing-variable-declarations]
   15 | uint32_t volatile currentValue = 0;
      |                   ^
src/main.c(15): note: declare 'static' if the variable is not intended to be used outside of this translation unit
   15 | uint32_t volatile currentValue = 0;
      | ^
src/main.c(16): warning: no previous extern declaration for non-static variable 'lastValue' [-Wmissing-variable-declarations]
   16 | uint32_t volatile lastValue = 0;
      |                   ^
src/main.c(16): note: declare 'static' if the variable is not intended to be used outside of this translation unit
   16 | uint32_t volatile lastValue = 0;
      | ^
src/main.c(17): warning: no previous extern declaration for non-static variable 'overflowCount' [-Wmissing-variable-declarations]
   17 | uint32_t volatile overflowCount = 0;
      |                   ^
src/main.c(17): note: declare 'static' if the variable is not intended to be used outside of this translation unit
   17 | uint32_t volatile overflowCount = 0;
      | ^
src/main.c(18): warning: no previous extern declaration for non-static variable 'timeInterval' [-Wmissing-variable-declarations]
   18 | uint32_t volatile timeInterval = 0;
      |                   ^
src/main.c(18): note: declare 'static' if the variable is not intended to be used outside of this translation unit
   18 | uint32_t volatile timeInterval = 0;
      | ^
src/main.c(19): warning: no previous extern declaration for non-static variable 'distance' [-Wmissing-variable-declarations]
   19 | uint32_t distance = 0;
      |          ^
src/main.c(19): note: declare 'static' if the variable is not intended to be used outside of this translation unit
   19 | uint32_t distance = 0;
      | ^
src/main.c(20): warning: a function declaration without a prototype is deprecated in all versions of C [-Wstrict-prototypes]
   20 | void Input_Capture_Setup() {
      |                         ^
      |                          void
src/main.c(20): warning: no previous prototype for function 'Input_Capture_Setup' [-Wmissing-prototypes]
   20 | void Input_Capture_Setup() {
      |      ^
src/main.c(20): note: declare 'static' if the function is not intended to be used outside of this translation unit
   20 | void Input_Capture_Setup() {
      | ^
      | static 
src/main.c(76): warning: no previous prototype for function 'TIM4_IRQHandler' [-Wmissing-prototypes]
   76 | void TIM4_IRQHandler(void) {
      |      ^
src/main.c(76): note: declare 'static' if the function is not intended to be used outside of this translation unit
   76 | void TIM4_IRQHandler(void) {
      | ^
      | static 
src/main.c(86): warning: implicit conversion loses integer precision: 'long long' to 'uint32_t' (aka 'unsigned int') [-Wshorten-64-to-32]
   86 |         timeInterval = currentValue - lastValue + overflowCount * (MAX_TIMER + 1);
      |                      ~ ~~~~~~~~~~~~~~~~~~~~~~~~~^~~~~~~~~~~~~~~~~~~~~~~~~~~~~~~~~
src/main.c(92): warning: a function declaration without a prototype is deprecated in all versions of C [-Wstrict-prototypes]
   92 | void Trigger_Setup() {
      |                   ^
      |                    void
src/main.c(92): warning: no previous prototype for function 'Trigger_Setup' [-Wmissing-prototypes]
   92 | void Trigger_Setup() {
      |      ^
src/main.c(92): note: declare 'static' if the function is not intended to be used outside of this translation unit
   92 | void Trigger_Setup() {
      | ^
      | static 
12 warnings generated.
compiling main.c...
linking...
Program Size: Code=1472 RO-data=408 RW-data=0 ZI-data=1656  
FromELF: creating hex file...
".\Objects\project.axf" - 0 Error(s), 12 Warning(s).

<h2>Software Packages used:</h2>

Package Vendor: ARM
                http://www.keil.com/pack/ARM.CMSIS.5.9.0.pack
                ARM::CMSIS@5.9.0
                CMSIS (Common Microcontroller Software Interface Standard)
   * Component: CORE Version: 5.6.0

Package Vendor: Keil
                https://www.keil.com/pack/Keil.STM32L4xx_DFP.2.7.0.pack
                Keil::STM32L4xx_DFP@2.7.0
                STMicroelectronics STM32L4 Series Device Support, Drivers and Examples

<h2>Collection of Component include folders:</h2>
  ./RTE/_Target_1
  C:/Keil_v5/Packs/ARM/CMSIS/5.9.0/CMSIS/Core/Include
  C:/Keil_v5/Packs/Keil/STM32L4xx_DFP/2.7.0/Drivers/CMSIS/Device/ST/STM32L4xx/Include

<h2>Collection of Component Files used:</h2>

   * Component: ARM::CMSIS:CORE@5.6.0
Build Time Elapsed:  00:00:01
</pre>
</body>
</html>
